------------------------------------------------------------
TimeQuest Timing Analyzer Summary
------------------------------------------------------------

Type  : Slow Model Setup 'divider:inst5|OUT_clk1'
Slack : -22.013
TNS   : -1064.385

Type  : Slow Model Setup 'music:inst1|clk_interval'
Slack : -9.284
TNS   : -374.307

Type  : Slow Model Setup 'CLK'
Slack : -7.748
TNS   : -2098.891

Type  : Slow Model Hold 'CLK'
Slack : -2.611
TNS   : -5.204

Type  : Slow Model Hold 'divider:inst5|OUT_clk1'
Slack : 0.499
TNS   : 0.000

Type  : Slow Model Hold 'music:inst1|clk_interval'
Slack : 1.166
TNS   : 0.000

Type  : Slow Model Minimum Pulse Width 'CLK'
Slack : -1.941
TNS   : -570.313

Type  : Slow Model Minimum Pulse Width 'divider:inst5|OUT_clk1'
Slack : -0.742
TNS   : -322.028

Type  : Slow Model Minimum Pulse Width 'music:inst1|clk_interval'
Slack : -0.742
TNS   : -84.588

Type  : Fast Model Setup 'divider:inst5|OUT_clk1'
Slack : -5.779
TNS   : -206.664

Type  : Fast Model Setup 'music:inst1|clk_interval'
Slack : -2.185
TNS   : -85.156

Type  : Fast Model Setup 'CLK'
Slack : -1.933
TNS   : -411.634

Type  : Fast Model Hold 'CLK'
Slack : -1.416
TNS   : -2.810

Type  : Fast Model Hold 'divider:inst5|OUT_clk1'
Slack : 0.215
TNS   : 0.000

Type  : Fast Model Hold 'music:inst1|clk_interval'
Slack : 0.357
TNS   : 0.000

Type  : Fast Model Minimum Pulse Width 'CLK'
Slack : -1.380
TNS   : -384.380

Type  : Fast Model Minimum Pulse Width 'divider:inst5|OUT_clk1'
Slack : -0.500
TNS   : -217.000

Type  : Fast Model Minimum Pulse Width 'music:inst1|clk_interval'
Slack : -0.500
TNS   : -57.000

------------------------------------------------------------
